Knuth [1984a]
Knuth [1984a]
[Knuth, 1984a]
Lamport and Lynch [1990]
[Alpha et al., 2010]
Ex et al. [2005]
Knuth 1984a
Knuth, 1984a
Lamport and Lynch
1990
[see Lamport, 1994, p. 2]
[Lamport, 1994, p. 2]
[Knuth, 1984a, Lamport, 1986]
Knuth [1984a], Lamport [1986]
[Knuth, 1984a,b]
van den Berg [2001]
[noa, 2000]
