---
source: crates/org-syntax/tests/snapshots.rs
expression: "group(& [\"# a comment\\n# second line\\n\", \": fixed\\n: width\\n\", \"-----\\n\"])"
---
=== "# a comment\n# second line\n"
DOCUMENT@0..26
  SECTION@0..26
    COMMENT@0..26
      MARKER@0..2 "# "
      TEXT@2..11 "a comment"
      NEWLINE@11..12 "\n"
      MARKER@12..14 "# "
      TEXT@14..25 "second line"
      NEWLINE@25..26 "\n"

=== ": fixed\n: width\n"
DOCUMENT@0..16
  SECTION@0..16
    FIXED_WIDTH@0..16
      MARKER@0..1 ":"
      WHITESPACE@1..2 " "
      TEXT@2..7 "fixed"
      NEWLINE@7..8 "\n"
      MARKER@8..9 ":"
      WHITESPACE@9..10 " "
      TEXT@10..15 "width"
      NEWLINE@15..16 "\n"

=== "-----\n"
DOCUMENT@0..6
  SECTION@0..6
    HORIZONTAL_RULE@0..6
      MARKER@0..5 "-----"
      NEWLINE@5..6 "\n"
