---
source: crates/org-syntax/tests/snapshots.rs
expression: "group(&\n[\"* Title\\n\", \"** TODO [#A] COMMENT Title :a:b:\\nBody\\n\",\n\"*** DONE Only stars\\n\\n\\n* Next\\n\"])"
---
=== "* Title\n"
DOCUMENT@0..8
  HEADLINE@0..8
    STARS@0..1 "*"
    WHITESPACE@1..2 " "
    HEADLINE_TITLE@2..7
      TEXT@2..7 "Title"
    NEWLINE@7..8 "\n"

=== "** TODO [#A] COMMENT Title :a:b:\nBody\n"
DOCUMENT@0..38
  HEADLINE@0..38
    STARS@0..2 "**"
    WHITESPACE@2..3 " "
    TODO_KEYWORD@3..7 "TODO"
    WHITESPACE@7..8 " "
    PRIORITY@8..12 "[#A]"
    WHITESPACE@12..13 " "
    COMMENT_KEYWORD@13..20 "COMMENT"
    WHITESPACE@20..21 " "
    HEADLINE_TITLE@21..26
      TEXT@21..26 "Title"
    WHITESPACE@26..27 " "
    TAGS@27..32 ":a:b:"
    NEWLINE@32..33 "\n"
    SECTION@33..38
      PARAGRAPH@33..38
        TEXT@33..37 "Body"
        NEWLINE@37..38 "\n"

=== "*** DONE Only stars\n\n\n* Next\n"
DOCUMENT@0..29
  HEADLINE@0..22
    STARS@0..3 "***"
    WHITESPACE@3..4 " "
    TODO_KEYWORD@4..8 "DONE"
    WHITESPACE@8..9 " "
    HEADLINE_TITLE@9..19
      TEXT@9..19 "Only stars"
    NEWLINE@19..20 "\n"
    BLANK_LINE@20..21 "\n"
    BLANK_LINE@21..22 "\n"
  HEADLINE@22..29
    STARS@22..23 "*"
    WHITESPACE@23..24 " "
    HEADLINE_TITLE@24..28
      TEXT@24..28 "Next"
    NEWLINE@28..29 "\n"
